32544645769
6568098-09=-
6457998-90=-0-
6769790
ytruyi
fdyyjuoui
tytruuy9yuoi
hujyuoiuoui